// Jest Snapshot v1, https://goo.gl/fbAQLP

exports[`<SearchInput /> renders correctly 1`] = `
<View
  style={
    {
      "alignItems": "center",
      "backgroundColor": "#fff",
      "flexDirection": "row",
      "justifyContent": "center",
    }
  }
>
  <TextInput
    clearButtonMode="while-editing"
    onChangeText={[MockFunction]}
    onEndEditing={[Function]}
    onSubmitEditing={[MockFunction]}
    placeholder="Search Pokemon"
    style={
      {
        "backgroundColor": "#fff",
        "borderRadius": 10,
        "borderWidth": 1,
        "color": "#424242",
        "flex": 1,
        "height": 40,
        "marginVertical": 12,
        "paddingHorizontal": 10,
      }
    }
    value=""
  />
  <Text
    allowFontScaling={false}
    selectable={false}
    style={
      [
        {
          "color": "#000",
          "fontSize": 15,
        },
        {
          "position": "absolute",
          "right": 10,
        },
        {
          "fontFamily": "ionicons",
          "fontStyle": "normal",
          "fontWeight": "normal",
        },
        {},
      ]
    }
  >
    ï”…
  </Text>
</View>
`;
