// Jest Snapshot v1, https://goo.gl/fbAQLP

exports[`<PokemonList /> renders correctly 1`] = `
<RCTScrollView
  ListFooterComponent={
    <ActivityIndicator
      color="#AEAEAE"
      size="large"
    />
  }
  contentContainerStyle={
    {
      "gap": 10,
    }
  }
  data={
    [
      {
        "id": 1,
        "image": "pokemonImage",
        "name": "pokemon1",
        "url": "pokemon1-url",
      },
      {
        "id": 2,
        "image": "pokemonImage",
        "name": "pokemon2",
        "url": "pokemon2-url",
      },
      {
        "id": 3,
        "image": "pokemonImage",
        "name": "pokemon3",
        "url": "pokemon3-url",
      },
    ]
  }
  getItem={[Function]}
  getItemCount={[Function]}
  keyExtractor={[Function]}
  onContentSizeChange={[Function]}
  onEndReached={[MockFunction]}
  onEndReachedThreshold={0.1}
  onLayout={[Function]}
  onMomentumScrollBegin={[Function]}
  onMomentumScrollEnd={[Function]}
  onScroll={[Function]}
  onScrollBeginDrag={[Function]}
  onScrollEndDrag={[Function]}
  removeClippedSubviews={false}
  renderItem={[Function]}
  scrollEventThrottle={50}
  showsVerticalScrollIndicator={false}
  stickyHeaderIndices={[]}
  viewabilityConfigCallbackPairs={[]}
>
  <View>
    <View
      onFocusCapture={[Function]}
      onLayout={[Function]}
      style={null}
    >
      <View
        style={
          [
            {
              "flexDirection": "row",
            },
            {
              "gap": 10,
            },
          ]
        }
      >
        <RNGestureHandlerButton
          collapsable={false}
          delayLongPress={600}
          enabled={true}
          exclusive={true}
          handlerTag={1}
          handlerType="NativeViewGestureHandler"
          onGestureEvent={[Function]}
          onGestureHandlerEvent={[Function]}
          onGestureHandlerStateChange={[Function]}
          onHandlerStateChange={[Function]}
          rippleColor={0}
          touchSoundDisabled={false}
        >
          <View
            accessible={true}
            collapsable={false}
            style={
              {
                "opacity": 1,
              }
            }
          >
            <View
              style={
                {
                  "backgroundColor": "black",
                  "borderRadius": 10,
                  "height": 120,
                  "padding": 10,
                  "width": 337.5,
                }
              }
            >
              <View
                style={
                  {
                    "flexDirection": "row",
                    "justifyContent": "space-between",
                  }
                }
              >
                <Text
                  style={
                    [
                      {
                        "color": "black",
                        "fontSize": 16,
                        "letterSpacing": 0.2,
                        "lineHeight": 24,
                      },
                      {
                        "color": "white",
                      },
                    ]
                  }
                >
                  Pokemon1
                </Text>
                <Text
                  style={
                    [
                      {
                        "color": "black",
                        "fontSize": 16,
                        "letterSpacing": 0.2,
                        "lineHeight": 24,
                      },
                      {
                        "color": "white",
                      },
                    ]
                  }
                >
                  #001
                </Text>
              </View>
              <Image
                source={
                  {
                    "uri": "pokemonImage",
                  }
                }
                style={
                  {
                    "bottom": 2,
                    "height": 80,
                    "position": "absolute",
                    "right": 2,
                    "width": 80,
                  }
                }
              />
            </View>
          </View>
        </RNGestureHandlerButton>
        <RNGestureHandlerButton
          collapsable={false}
          delayLongPress={600}
          enabled={true}
          exclusive={true}
          handlerTag={2}
          handlerType="NativeViewGestureHandler"
          onGestureEvent={[Function]}
          onGestureHandlerEvent={[Function]}
          onGestureHandlerStateChange={[Function]}
          onHandlerStateChange={[Function]}
          rippleColor={0}
          touchSoundDisabled={false}
        >
          <View
            accessible={true}
            collapsable={false}
            style={
              {
                "opacity": 1,
              }
            }
          >
            <View
              style={
                {
                  "backgroundColor": "black",
                  "borderRadius": 10,
                  "height": 120,
                  "padding": 10,
                  "width": 337.5,
                }
              }
            >
              <View
                style={
                  {
                    "flexDirection": "row",
                    "justifyContent": "space-between",
                  }
                }
              >
                <Text
                  style={
                    [
                      {
                        "color": "black",
                        "fontSize": 16,
                        "letterSpacing": 0.2,
                        "lineHeight": 24,
                      },
                      {
                        "color": "white",
                      },
                    ]
                  }
                >
                  Pokemon2
                </Text>
                <Text
                  style={
                    [
                      {
                        "color": "black",
                        "fontSize": 16,
                        "letterSpacing": 0.2,
                        "lineHeight": 24,
                      },
                      {
                        "color": "white",
                      },
                    ]
                  }
                >
                  #002
                </Text>
              </View>
              <Image
                source={
                  {
                    "uri": "pokemonImage",
                  }
                }
                style={
                  {
                    "bottom": 2,
                    "height": 80,
                    "position": "absolute",
                    "right": 2,
                    "width": 80,
                  }
                }
              />
            </View>
          </View>
        </RNGestureHandlerButton>
      </View>
    </View>
    <View
      onFocusCapture={[Function]}
      onLayout={[Function]}
      style={null}
    >
      <View
        style={
          [
            {
              "flexDirection": "row",
            },
            {
              "gap": 10,
            },
          ]
        }
      >
        <RNGestureHandlerButton
          collapsable={false}
          delayLongPress={600}
          enabled={true}
          exclusive={true}
          handlerTag={3}
          handlerType="NativeViewGestureHandler"
          onGestureEvent={[Function]}
          onGestureHandlerEvent={[Function]}
          onGestureHandlerStateChange={[Function]}
          onHandlerStateChange={[Function]}
          rippleColor={0}
          touchSoundDisabled={false}
        >
          <View
            accessible={true}
            collapsable={false}
            style={
              {
                "opacity": 1,
              }
            }
          >
            <View
              style={
                {
                  "backgroundColor": "black",
                  "borderRadius": 10,
                  "height": 120,
                  "padding": 10,
                  "width": 337.5,
                }
              }
            >
              <View
                style={
                  {
                    "flexDirection": "row",
                    "justifyContent": "space-between",
                  }
                }
              >
                <Text
                  style={
                    [
                      {
                        "color": "black",
                        "fontSize": 16,
                        "letterSpacing": 0.2,
                        "lineHeight": 24,
                      },
                      {
                        "color": "white",
                      },
                    ]
                  }
                >
                  Pokemon3
                </Text>
                <Text
                  style={
                    [
                      {
                        "color": "black",
                        "fontSize": 16,
                        "letterSpacing": 0.2,
                        "lineHeight": 24,
                      },
                      {
                        "color": "white",
                      },
                    ]
                  }
                >
                  #003
                </Text>
              </View>
              <Image
                source={
                  {
                    "uri": "pokemonImage",
                  }
                }
                style={
                  {
                    "bottom": 2,
                    "height": 80,
                    "position": "absolute",
                    "right": 2,
                    "width": 80,
                  }
                }
              />
            </View>
          </View>
        </RNGestureHandlerButton>
      </View>
    </View>
    <View
      onLayout={[Function]}
    >
      <ActivityIndicator
        color="#AEAEAE"
        size="large"
      />
    </View>
  </View>
</RCTScrollView>
`;
